// Jest Snapshot v1, https://goo.gl/fbAQLP

exports[`Releases test renders the Releases 1`] = `
<ul
  className="releases"
>
  <li
    className="release"
    key="dsfds"
  >
    <Release
      releaseId="dsfds"
    />
  </li>
</ul>
`;
