// Jest Snapshot v1, https://goo.gl/fbAQLP

exports[`release test renders the release 1`] = `
<div
  className="release"
>
  <Link
    to="/songs/undefined/undefined"
  >
    <img
      src="undefined"
      width="100px"
    />
    <p />
  </Link>
</div>
`;
